Using username "ubuntu".
Authenticating with public key "imported-openssh-key"
Welcome to Ubuntu 18.04.1 LTS (GNU/Linux 4.15.0-1032-aws x86_64)

 * Documentation:  https://help.ubuntu.com
 * Management:     https://landscape.canonical.com
 * Support:        https://ubuntu.com/advantage

  System information as of Sat Mar  9 06:20:57 UTC 2019

  System load:  0.0               Processes:           91
  Usage of /:   30.5% of 7.69GB   Users logged in:     0
  Memory usage: 40%               IP address for eth0: 172.31.31.132
  Swap usage:   0%

 * 'snap info' now shows the freshness of each channel.
   Try 'snap info microk8s' for all the latest goodness.


  Get cloud support with Ubuntu Advantage Cloud Guest:
    http://www.ubuntu.com/business/services/cloud

 * Canonical Livepatch is available for installation.
   - Reduce system reboots and improve kernel security. Activate at:
     https://ubuntu.com/livepatch

96 packages can be updated.
0 updates are security updates.


*** System restart required ***
Last login: Sun Feb 17 07:25:54 2019 from 122.162.81.72
ubuntu@ip-172-31-31-132:~$ sudo apt -get update
E: Command line option 'g' [from -get] is not understood in combination with the                                                                                                              other options.
ubuntu@ip-172-31-31-132:~$ sudo apt get update
E: Invalid operation get
ubuntu@ip-172-31-31-132:~$ sudo apt - get update
E: Invalid operation get
ubuntu@ip-172-31-31-132:~$ sudo apt -get update
E: Command line option 'g' [from -get] is not understood in combination with the                                                                                                              other options.
ubuntu@ip-172-31-31-132:~$ sudo apt-get update
Hit:1 http://us-west-2.ec2.archive.ubuntu.com/ubuntu bionic InRelease
Hit:2 http://us-west-2.ec2.archive.ubuntu.com/ubuntu bionic-updates InRelease
Hit:3 http://us-west-2.ec2.archive.ubuntu.com/ubuntu bionic-backports InRelease
Hit:4 http://security.ubuntu.com/ubuntu bionic-security InRelease
Reading package lists... Done
ubuntu@ip-172-31-31-132:~$ sudo apt-get ugrade
E: Invalid operation ugrade
ubuntu@ip-172-31-31-132:~$ ansible --version

Command 'ansible' not found, but can be installed with:

sudo apt install ansible

ubuntu@ip-172-31-31-132:~$ sudo apt -get install ansible
E: Command line option 'g' [from -get] is not understood in combination with the other options.
ubuntu@ip-172-31-31-132:~$ sudo apt-get install ansible
Reading package lists... Done
Building dependency tree
Reading state information... Done
The following additional packages will be installed:
  ieee-data libpython-stdlib libpython2.7-minimal libpython2.7-stdlib python python-asn1crypto python-certifi python-cffi-backend python-chardet python-crypto python-cryptography
  python-enum34 python-httplib2 python-idna python-ipaddress python-jinja2 python-jmespath python-kerberos python-libcloud python-lockfile python-markupsafe python-minimal python-netaddr
  python-openssl python-paramiko python-pkg-resources python-pyasn1 python-requests python-selinux python-simplejson python-six python-urllib3 python-xmltodict python-yaml python2.7
  python2.7-minimal
Suggested packages:
  cowsay sshpass python-doc python-tk python-crypto-doc python-cryptography-doc python-cryptography-vectors python-enum34-doc python-jinja2-doc python-lockfile-doc ipython
  python-netaddr-docs python-openssl-doc python-openssl-dbg python-gssapi python-setuptools python-socks python-ntlm python2.7-doc binutils binfmt-support
Recommended packages:
  python-winrm
The following NEW packages will be installed:
  ansible ieee-data libpython-stdlib libpython2.7-minimal libpython2.7-stdlib python python-asn1crypto python-certifi python-cffi-backend python-chardet python-crypto python-cryptography
  python-enum34 python-httplib2 python-idna python-ipaddress python-jinja2 python-jmespath python-kerberos python-libcloud python-lockfile python-markupsafe python-minimal python-netaddr
  python-openssl python-paramiko python-pkg-resources python-pyasn1 python-requests python-selinux python-simplejson python-six python-urllib3 python-xmltodict python-yaml python2.7
  python2.7-minimal
0 upgraded, 37 newly installed, 0 to remove and 99 not upgraded.
Need to get 12.1 MB of archives.
After this operation, 79.5 MB of additional disk space will be used.
Do you want to continue? [Y/n] Y
Get:1 http://us-west-2.ec2.archive.ubuntu.com/ubuntu bionic-updates/main amd64 libpython2.7-minimal amd64 2.7.15~rc1-1ubuntu0.1 [334 kB]
Get:2 http://us-west-2.ec2.archive.ubuntu.com/ubuntu bionic-updates/main amd64 python2.7-minimal amd64 2.7.15~rc1-1ubuntu0.1 [1304 kB]
Get:3 http://us-west-2.ec2.archive.ubuntu.com/ubuntu bionic/main amd64 python-minimal amd64 2.7.15~rc1-1 [28.1 kB]
Get:4 http://us-west-2.ec2.archive.ubuntu.com/ubuntu bionic-updates/main amd64 libpython2.7-stdlib amd64 2.7.15~rc1-1ubuntu0.1 [1912 kB]
Get:5 http://us-west-2.ec2.archive.ubuntu.com/ubuntu bionic-updates/main amd64 python2.7 amd64 2.7.15~rc1-1ubuntu0.1 [238 kB]
Get:6 http://us-west-2.ec2.archive.ubuntu.com/ubuntu bionic/main amd64 libpython-stdlib amd64 2.7.15~rc1-1 [7620 B]
Get:7 http://us-west-2.ec2.archive.ubuntu.com/ubuntu bionic/main amd64 python amd64 2.7.15~rc1-1 [140 kB]
Get:8 http://us-west-2.ec2.archive.ubuntu.com/ubuntu bionic/main amd64 python-asn1crypto all 0.24.0-1 [72.7 kB]
Get:9 http://us-west-2.ec2.archive.ubuntu.com/ubuntu bionic/main amd64 python-cffi-backend amd64 1.11.5-1 [63.4 kB]
Get:10 http://us-west-2.ec2.archive.ubuntu.com/ubuntu bionic/main amd64 python-enum34 all 1.1.6-2 [34.8 kB]
Get:11 http://us-west-2.ec2.archive.ubuntu.com/ubuntu bionic/main amd64 python-idna all 2.6-1 [32.4 kB]
Get:12 http://us-west-2.ec2.archive.ubuntu.com/ubuntu bionic/main amd64 python-ipaddress all 1.0.17-1 [18.2 kB]
Get:13 http://us-west-2.ec2.archive.ubuntu.com/ubuntu bionic/main amd64 python-six all 1.11.0-2 [11.3 kB]
Get:14 http://us-west-2.ec2.archive.ubuntu.com/ubuntu bionic-updates/main amd64 python-cryptography amd64 2.1.4-1ubuntu1.2 [221 kB]
Get:15 http://us-west-2.ec2.archive.ubuntu.com/ubuntu bionic/main amd64 python-markupsafe amd64 1.0-1build1 [13.0 kB]
Get:16 http://us-west-2.ec2.archive.ubuntu.com/ubuntu bionic/main amd64 python-jinja2 all 2.10-1 [94.6 kB]
Get:17 http://us-west-2.ec2.archive.ubuntu.com/ubuntu bionic/main amd64 python-pyasn1 all 0.4.2-3 [46.7 kB]
Get:18 http://us-west-2.ec2.archive.ubuntu.com/ubuntu bionic-updates/main amd64 python-paramiko all 2.0.0-1ubuntu1.2 [110 kB]
Get:19 http://us-west-2.ec2.archive.ubuntu.com/ubuntu bionic/main amd64 python-pkg-resources all 39.0.1-2 [128 kB]
Get:20 http://us-west-2.ec2.archive.ubuntu.com/ubuntu bionic/main amd64 python-yaml amd64 3.12-1build2 [115 kB]
Get:21 http://us-west-2.ec2.archive.ubuntu.com/ubuntu bionic/main amd64 python-crypto amd64 2.6.1-8ubuntu2 [244 kB]
Get:22 http://us-west-2.ec2.archive.ubuntu.com/ubuntu bionic/main amd64 python-httplib2 all 0.9.2+dfsg-1 [34.6 kB]
Get:23 http://us-west-2.ec2.archive.ubuntu.com/ubuntu bionic/main amd64 ieee-data all 20180204.1 [1539 kB]
Get:24 http://us-west-2.ec2.archive.ubuntu.com/ubuntu bionic/main amd64 python-netaddr all 0.7.19-1 [213 kB]
Get:25 http://us-west-2.ec2.archive.ubuntu.com/ubuntu bionic/universe amd64 ansible all 2.5.1+dfsg-1 [3197 kB]
Get:26 http://us-west-2.ec2.archive.ubuntu.com/ubuntu bionic/main amd64 python-certifi all 2018.1.18-2 [144 kB]
Get:27 http://us-west-2.ec2.archive.ubuntu.com/ubuntu bionic/main amd64 python-chardet all 3.0.4-1 [80.3 kB]
Get:28 http://us-west-2.ec2.archive.ubuntu.com/ubuntu bionic/main amd64 python-jmespath all 0.9.3-1ubuntu1 [21.2 kB]
Get:29 http://us-west-2.ec2.archive.ubuntu.com/ubuntu bionic/universe amd64 python-kerberos amd64 1.1.14-1 [22.5 kB]
Get:30 http://us-west-2.ec2.archive.ubuntu.com/ubuntu bionic/main amd64 python-urllib3 all 1.22-1 [85.1 kB]
Get:31 http://us-west-2.ec2.archive.ubuntu.com/ubuntu bionic-updates/main amd64 python-requests all 2.18.4-2ubuntu0.1 [58.5 kB]
Get:32 http://us-west-2.ec2.archive.ubuntu.com/ubuntu bionic/main amd64 python-lockfile all 1:0.12.2-2 [14.6 kB]
Get:33 http://us-west-2.ec2.archive.ubuntu.com/ubuntu bionic/main amd64 python-simplejson amd64 3.13.2-1 [61.2 kB]
Get:34 http://us-west-2.ec2.archive.ubuntu.com/ubuntu bionic/universe amd64 python-libcloud all 2.2.1-1 [1235 kB]
Get:35 http://us-west-2.ec2.archive.ubuntu.com/ubuntu bionic/main amd64 python-openssl all 17.5.0-1ubuntu1 [41.3 kB]
Get:36 http://us-west-2.ec2.archive.ubuntu.com/ubuntu bionic/universe amd64 python-selinux amd64 2.7-2build2 [138 kB]
Get:37 http://us-west-2.ec2.archive.ubuntu.com/ubuntu bionic/universe amd64 python-xmltodict all 0.11.0-1 [10.3 kB]
Fetched 12.1 MB in 1s (18.5 MB/s)
Extracting templates from packages: 100%
Selecting previously unselected package libpython2.7-minimal:amd64.
(Reading database ... 113182 files and directories currently installed.)
Preparing to unpack .../0-libpython2.7-minimal_2.7.15~rc1-1ubuntu0.1_amd64.deb ...
Unpacking libpython2.7-minimal:amd64 (2.7.15~rc1-1ubuntu0.1) ...
Selecting previously unselected package python2.7-minimal.
Preparing to unpack .../1-python2.7-minimal_2.7.15~rc1-1ubuntu0.1_amd64.deb ...
Unpacking python2.7-minimal (2.7.15~rc1-1ubuntu0.1) ...
Selecting previously unselected package python-minimal.
Preparing to unpack .../2-python-minimal_2.7.15~rc1-1_amd64.deb ...
Unpacking python-minimal (2.7.15~rc1-1) ...
Selecting previously unselected package libpython2.7-stdlib:amd64.
Preparing to unpack .../3-libpython2.7-stdlib_2.7.15~rc1-1ubuntu0.1_amd64.deb ...
Unpacking libpython2.7-stdlib:amd64 (2.7.15~rc1-1ubuntu0.1) ...
Selecting previously unselected package python2.7.
Preparing to unpack .../4-python2.7_2.7.15~rc1-1ubuntu0.1_amd64.deb ...
Unpacking python2.7 (2.7.15~rc1-1ubuntu0.1) ...
Selecting previously unselected package libpython-stdlib:amd64.
Preparing to unpack .../5-libpython-stdlib_2.7.15~rc1-1_amd64.deb ...
Unpacking libpython-stdlib:amd64 (2.7.15~rc1-1) ...
Setting up libpython2.7-minimal:amd64 (2.7.15~rc1-1ubuntu0.1) ...
Setting up python2.7-minimal (2.7.15~rc1-1ubuntu0.1) ...
Linking and byte-compiling packages for runtime python2.7...
Setting up python-minimal (2.7.15~rc1-1) ...
Selecting previously unselected package python.
(Reading database ... 113929 files and directories currently installed.)
Preparing to unpack .../00-python_2.7.15~rc1-1_amd64.deb ...
Unpacking python (2.7.15~rc1-1) ...
Selecting previously unselected package python-asn1crypto.
Preparing to unpack .../01-python-asn1crypto_0.24.0-1_all.deb ...
Unpacking python-asn1crypto (0.24.0-1) ...
Selecting previously unselected package python-cffi-backend.
Preparing to unpack .../02-python-cffi-backend_1.11.5-1_amd64.deb ...
Unpacking python-cffi-backend (1.11.5-1) ...
Selecting previously unselected package python-enum34.
Preparing to unpack .../03-python-enum34_1.1.6-2_all.deb ...
Unpacking python-enum34 (1.1.6-2) ...
Selecting previously unselected package python-idna.
Preparing to unpack .../04-python-idna_2.6-1_all.deb ...
Unpacking python-idna (2.6-1) ...
Selecting previously unselected package python-ipaddress.
Preparing to unpack .../05-python-ipaddress_1.0.17-1_all.deb ...
Unpacking python-ipaddress (1.0.17-1) ...
Selecting previously unselected package python-six.
Preparing to unpack .../06-python-six_1.11.0-2_all.deb ...
Unpacking python-six (1.11.0-2) ...
Selecting previously unselected package python-cryptography.
Preparing to unpack .../07-python-cryptography_2.1.4-1ubuntu1.2_amd64.deb ...
Unpacking python-cryptography (2.1.4-1ubuntu1.2) ...
Selecting previously unselected package python-markupsafe.
Preparing to unpack .../08-python-markupsafe_1.0-1build1_amd64.deb ...
Unpacking python-markupsafe (1.0-1build1) ...
Selecting previously unselected package python-jinja2.
Preparing to unpack .../09-python-jinja2_2.10-1_all.deb ...
Unpacking python-jinja2 (2.10-1) ...
Selecting previously unselected package python-pyasn1.
Preparing to unpack .../10-python-pyasn1_0.4.2-3_all.deb ...
Unpacking python-pyasn1 (0.4.2-3) ...
Selecting previously unselected package python-paramiko.
Preparing to unpack .../11-python-paramiko_2.0.0-1ubuntu1.2_all.deb ...
Unpacking python-paramiko (2.0.0-1ubuntu1.2) ...
Selecting previously unselected package python-pkg-resources.
Preparing to unpack .../12-python-pkg-resources_39.0.1-2_all.deb ...
Unpacking python-pkg-resources (39.0.1-2) ...
Selecting previously unselected package python-yaml.
Preparing to unpack .../13-python-yaml_3.12-1build2_amd64.deb ...
Unpacking python-yaml (3.12-1build2) ...
Selecting previously unselected package python-crypto.
Preparing to unpack .../14-python-crypto_2.6.1-8ubuntu2_amd64.deb ...
Unpacking python-crypto (2.6.1-8ubuntu2) ...
Selecting previously unselected package python-httplib2.
Preparing to unpack .../15-python-httplib2_0.9.2+dfsg-1_all.deb ...
Unpacking python-httplib2 (0.9.2+dfsg-1) ...
Selecting previously unselected package ieee-data.
Preparing to unpack .../16-ieee-data_20180204.1_all.deb ...
Unpacking ieee-data (20180204.1) ...
Selecting previously unselected package python-netaddr.
Preparing to unpack .../17-python-netaddr_0.7.19-1_all.deb ...
Unpacking python-netaddr (0.7.19-1) ...
Selecting previously unselected package ansible.
Preparing to unpack .../18-ansible_2.5.1+dfsg-1_all.deb ...
Unpacking ansible (2.5.1+dfsg-1) ...
Selecting previously unselected package python-certifi.
Preparing to unpack .../19-python-certifi_2018.1.18-2_all.deb ...
Unpacking python-certifi (2018.1.18-2) ...
Selecting previously unselected package python-chardet.
Preparing to unpack .../20-python-chardet_3.0.4-1_all.deb ...
Unpacking python-chardet (3.0.4-1) ...
Selecting previously unselected package python-jmespath.
Preparing to unpack .../21-python-jmespath_0.9.3-1ubuntu1_all.deb ...
Unpacking python-jmespath (0.9.3-1ubuntu1) ...
Selecting previously unselected package python-kerberos.
Preparing to unpack .../22-python-kerberos_1.1.14-1_amd64.deb ...
Unpacking python-kerberos (1.1.14-1) ...
Selecting previously unselected package python-urllib3.
Preparing to unpack .../23-python-urllib3_1.22-1_all.deb ...
Unpacking python-urllib3 (1.22-1) ...
Selecting previously unselected package python-requests.
Preparing to unpack .../24-python-requests_2.18.4-2ubuntu0.1_all.deb ...
Unpacking python-requests (2.18.4-2ubuntu0.1) ...
Selecting previously unselected package python-lockfile.
Preparing to unpack .../25-python-lockfile_1%3a0.12.2-2_all.deb ...
Unpacking python-lockfile (1:0.12.2-2) ...
Selecting previously unselected package python-simplejson.
Preparing to unpack .../26-python-simplejson_3.13.2-1_amd64.deb ...
Unpacking python-simplejson (3.13.2-1) ...
Selecting previously unselected package python-libcloud.
Preparing to unpack .../27-python-libcloud_2.2.1-1_all.deb ...
Unpacking python-libcloud (2.2.1-1) ...
Selecting previously unselected package python-openssl.
Preparing to unpack .../28-python-openssl_17.5.0-1ubuntu1_all.deb ...
Unpacking python-openssl (17.5.0-1ubuntu1) ...
Selecting previously unselected package python-selinux.
Preparing to unpack .../29-python-selinux_2.7-2build2_amd64.deb ...
Unpacking python-selinux (2.7-2build2) ...
Selecting previously unselected package python-xmltodict.
Preparing to unpack .../30-python-xmltodict_0.11.0-1_all.deb ...
Unpacking python-xmltodict (0.11.0-1) ...
Setting up ieee-data (20180204.1) ...
Processing triggers for mime-support (3.60ubuntu1) ...
Processing triggers for man-db (2.8.3-2) ...
Setting up libpython2.7-stdlib:amd64 (2.7.15~rc1-1ubuntu0.1) ...
Setting up python2.7 (2.7.15~rc1-1ubuntu0.1) ...
Setting up libpython-stdlib:amd64 (2.7.15~rc1-1) ...
Setting up python (2.7.15~rc1-1) ...
Setting up python-idna (2.6-1) ...
Setting up python-simplejson (3.13.2-1) ...
Setting up python-yaml (3.12-1build2) ...
Setting up python-asn1crypto (0.24.0-1) ...
Setting up python-crypto (2.6.1-8ubuntu2) ...
Setting up python-pyasn1 (0.4.2-3) ...
Setting up python-netaddr (0.7.19-1) ...
Setting up python-xmltodict (0.11.0-1) ...
Setting up python-jmespath (0.9.3-1ubuntu1) ...
Setting up python-certifi (2018.1.18-2) ...
Setting up python-kerberos (1.1.14-1) ...
Setting up python-pkg-resources (39.0.1-2) ...
Setting up python-markupsafe (1.0-1build1) ...
Setting up python-httplib2 (0.9.2+dfsg-1) ...
Setting up python-cffi-backend (1.11.5-1) ...
Setting up python-six (1.11.0-2) ...
Setting up python-selinux (2.7-2build2) ...
Setting up python-enum34 (1.1.6-2) ...
Setting up python-lockfile (1:0.12.2-2) ...
Setting up python-ipaddress (1.0.17-1) ...
Setting up python-urllib3 (1.22-1) ...
Setting up python-chardet (3.0.4-1) ...
Setting up python-jinja2 (2.10-1) ...
Setting up python-cryptography (2.1.4-1ubuntu1.2) ...
Setting up python-requests (2.18.4-2ubuntu0.1) ...
Setting up python-openssl (17.5.0-1ubuntu1) ...
Setting up python-paramiko (2.0.0-1ubuntu1.2) ...
Setting up ansible (2.5.1+dfsg-1) ...
Setting up python-libcloud (2.2.1-1) ...
ubuntu@ip-172-31-31-132:~$ /etc/ansible
-bash: /etc/ansible: Is a directory
ubuntu@ip-172-31-31-132:~$ cd /etc/ansible
ubuntu@ip-172-31-31-132:/etc/ansible$ ls
ansible.cfg  hosts
ubuntu@ip-172-31-31-132:/etc/ansible$ sudo nano hosts
ubuntu@ip-172-31-31-132:/etc/ansible$ if config
> ^C
ubuntu@ip-172-31-31-132:/etc/ansible$ ifconfig
eth0: flags=4163<UP,BROADCAST,RUNNING,MULTICAST>  mtu 9001
        inet 172.31.31.132  netmask 255.255.240.0  broadcast 172.31.31.255
        inet6 fe80::bb:30ff:fe3c:d272  prefixlen 64  scopeid 0x20<link>
        ether 02:bb:30:3c:d2:72  txqueuelen 1000  (Ethernet)
        RX packets 52756  bytes 76639701 (76.6 MB)
        RX errors 0  dropped 0  overruns 0  frame 0
        TX packets 3466  bytes 393641 (393.6 KB)
        TX errors 0  dropped 0 overruns 0  carrier 0  collisions 0

lo: flags=73<UP,LOOPBACK,RUNNING>  mtu 65536
        inet 127.0.0.1  netmask 255.0.0.0
        inet6 ::1  prefixlen 128  scopeid 0x10<host>
        loop  txqueuelen 1000  (Local Loopback)
        RX packets 220  bytes 19684 (19.6 KB)
        RX errors 0  dropped 0  overruns 0  frame 0
        TX packets 220  bytes 19684 (19.6 KB)
        TX errors 0  dropped 0 overruns 0  carrier 0  collisions 0

ubuntu@ip-172-31-31-132:/etc/ansible$ sudo nano hosts
Use "fg" to return to nano.

[1]+  Stopped                 sudo nano hosts
ubuntu@ip-172-31-31-132:/etc/ansible$ sudo nano hosts
ubuntu@ip-172-31-31-132:/etc/ansible$ sudo nano hosts
ubuntu@ip-172-31-31-132:/etc/ansible$ sudo nano hosts
ubuntu@ip-172-31-31-132:/etc/ansible$ cat hosts
# This is the default ansible 'hosts' file.
#
# It should live in /etc/ansible/hosts
#
#   - Comments begin with the '#' character
#   - Blank lines are ignored
#   - Groups of hosts are delimited by [header] elements
#   - You can enter hostnames or ip addresses
#   - A hostname/ip can be a member of multiple groups

# Ex 1: Ungrouped hosts, specify before any group headers.

#green.example.com
#blue.example.com
#192.168.100.1
#192.168.100.10

# Ex 2: A collection of hosts belonging to the 'webservers' group

#[webservers]
#alpha.example.org
#beta.example.org
#192.168.1.100
#192.168.1.110

# In Group
[ABC]
172.31.31.132

# If you have multiple hosts following a pattern you can specify
# them like this:

#www[001:006].example.com

# Ex 3: A collection of database servers in the 'dbservers' group

#[dbservers]
#
#db01.intranet.mydomain.net
#db02.intranet.mydomain.net
#10.25.1.56
#10.25.1.57

# Here's another example of host ranges, this time there are no
# leading 0s:

#db-[99:101]-node.example.com

ubuntu@ip-172-31-31-132:/etc/ansible$ ssh-keygen
Generating public/private rsa key pair.
Enter file in which to save the key (/home/ubuntu/.ssh/id_rsa):
Enter passphrase (empty for no passphrase):
Enter same passphrase again:
Your identification has been saved in /home/ubuntu/.ssh/id_rsa.
Your public key has been saved in /home/ubuntu/.ssh/id_rsa.pub.
The key fingerprint is:
SHA256:iNyqh82VAdjB8YRz/LxN2w0O1jPJEmhhLpAMMkCZKfU ubuntu@ip-172-31-31-132
The key's randomart image is:
+---[RSA 2048]----+
|*o**+*. oo       |
|.*..O+ooo .      |
|.   E+o+.  + .   |
|   . o.oo = B    |
|    o ooS= * =   |
|     .o . o o .  |
|   +..           |
|  ..+            |
|  ..             |
+----[SHA256]-----+
ubuntu@ip-172-31-31-132:/etc/ansible$ cd -/.ssh/
-bash: cd: -/: invalid option
cd: usage: cd [-L|[-P [-e]] [-@]] [dir]
ubuntu@ip-172-31-31-132:/etc/ansible$ cd -/.ssh/
-bash: cd: -/: invalid option
cd: usage: cd [-L|[-P [-e]] [-@]] [dir]
ubuntu@ip-172-31-31-132:/etc/ansible$ cd ~/.ssh/
ubuntu@ip-172-31-31-132:~/.ssh$ ls
authorized_keys  id_rsa  id_rsa.pub
ubuntu@ip-172-31-31-132:~/.ssh$ cat id_rsa.pub
ssh-rsa AAAAB3NzaC1yc2EAAAADAQABAAABAQDHunl2CyenkRVKsausL+E+/xT6FmLJz/UyMS2Unvr/hkmRXjrtbcp5830+CMpgCILpeRdCNVLOejXv4U6JvrnaniYukAl8R/xyceMD6bY1vZCNUMvDT6b3f40MmUdzLyRnc9fqCSmd7WsnWVaBS+mCOu3I0cI0BIOlsad6kjAh9bEbFLjzXfB7VadA10P7Ib1x9wUJ/tXM5AQ5GvlaikfUimCBWd+RmyA7zNUxa7J/DyJuEefZAMhyjYjhACxF0FwCC+mnqdqVVWHZzTIiAQXbDboysGSE3uALqddnJf1s+KvAt6JCmc2+4ufoDAB9MHBmueaxLV+z7JlmRn5DDx5R ubuntu@ip-172-31-31-132
ubuntu@ip-172-31-31-132:~/.ssh$ pwd
/home/ubuntu/.ssh
ubuntu@ip-172-31-31-132:~/.ssh$ ls
authorized_keys  id_rsa  id_rsa.pub
ubuntu@ip-172-31-31-132:~/.ssh$ cat authorized_keys
ssh-rsa AAAAB3NzaC1yc2EAAAADAQABAAABAQCRjPZq87ezPjhDqlS5jch66h+E1oECbAsHtgiinXpHGsWdYM/8IgYdUbdUDy2V3ld2FK8sR91cHcA7TPubJiPq2dKJTBVpf/NOf5FT5FSDh7ya0W5zbsfbSl40PzGiHeAQbFA+TG9g8cgRtjoG0hnfst2Rqi19JmZPxRGWT3INwVb+KPjnal6peg/dri7EU+CGIngMUis69vbM9dwxEBwIXUgCbIwwXcG1w9CbdBgbjrbcksG2lPcsumPah7ZHExDJmbJZ1fBNIZUWgenH8mYMimqNypZK6snbR+tGMJpr1KICzABMJub/mzfYFXrfTg/wiYnKdYW9AWG8j85Vry1V first key pair
ubuntu@ip-172-31-31-132:~/.ssh$ ssh-copy-id -i id_rsa.pub ubuntu@172.31.31.132
/usr/bin/ssh-copy-id: INFO: Source of key(s) to be installed: "id_rsa.pub"
The authenticity of host '172.31.31.132 (172.31.31.132)' can't be established.
ECDSA key fingerprint is SHA256:aAT2F1x1pTWKLRIvHZjFy+0XYNU0WZOYK1QpQ+kNPLo.
Are you sure you want to continue connecting (yes/no)? Y
Please type 'yes' or 'no': yes
/usr/bin/ssh-copy-id: INFO: attempting to log in with the new key(s), to filter out any that are already installed
/usr/bin/ssh-copy-id: INFO: 1 key(s) remain to be installed -- if you are prompted now it is to install the new keys
ubuntu@172.31.31.132: Permission denied (publickey).
ubuntu@ip-172-31-31-132:~/.ssh$ sudo ssh-copy-id -i id_rsa.pub ubuntu@172.31.31.132
/usr/bin/ssh-copy-id: INFO: Source of key(s) to be installed: "id_rsa.pub"
The authenticity of host '172.31.31.132 (172.31.31.132)' can't be established.
ECDSA key fingerprint is SHA256:aAT2F1x1pTWKLRIvHZjFy+0XYNU0WZOYK1QpQ+kNPLo.
Are you sure you want to continue connecting (yes/no)? Yes
/usr/bin/ssh-copy-id: INFO: attempting to log in with the new key(s), to filter out any that are already installed
/usr/bin/ssh-copy-id: INFO: 1 key(s) remain to be installed -- if you are prompted now it is to install the new keys
ubuntu@172.31.31.132: Permission denied (publickey).
ubuntu@ip-172-31-31-132:~/.ssh$ ssh-copy-id -i id_rsa.pub ubuntu@172.31.31.132
/usr/bin/ssh-copy-id: INFO: Source of key(s) to be installed: "id_rsa.pub"
/usr/bin/ssh-copy-id: INFO: attempting to log in with the new key(s), to filter out any that are already installed
/usr/bin/ssh-copy-id: INFO: 1 key(s) remain to be installed -- if you are prompted now it is to install the new keys
ubuntu@172.31.31.132: Permission denied (publickey).
ubuntu@ip-172-31-31-132:~/.ssh$ pwd
/home/ubuntu/.ssh
ubuntu@ip-172-31-31-132:~/.ssh$ ls
authorized_keys  id_rsa  id_rsa.pub  known_hosts
ubuntu@ip-172-31-31-132:~/.ssh$ cat authorized_keys
ssh-rsa AAAAB3NzaC1yc2EAAAADAQABAAABAQCRjPZq87ezPjhDqlS5jch66h+E1oECbAsHtgiinXpHGsWdYM/8IgYdUbdUDy2V3ld2FK8sR91cHcA7TPubJiPq2dKJTBVpf/NOf5FT5FSDh7ya0W5zbsfbSl40PzGiHeAQbFA+TG9g8cgRtjoG0hnfst2Rqi19JmZPxRGWT3INwVb+KPjnal6peg/dri7EU+CGIngMUis69vbM9dwxEBwIXUgCbIwwXcG1w9CbdBgbjrbcksG2lPcsumPah7ZHExDJmbJZ1fBNIZUWgenH8mYMimqNypZK6snbR+tGMJpr1KICzABMJub/mzfYFXrfTg/wiYnKdYW9AWG8j85Vry1V first key pair
ubuntu@ip-172-31-31-132:~/.ssh$ ls
authorized_keys  id_rsa  id_rsa.pub  known_hosts
ubuntu@ip-172-31-31-132:~/.ssh$ sudo nano authorized_keys
ubuntu@ip-172-31-31-132:~/.ssh$ ansible -m ping all
172.31.31.132 | SUCCESS => {
    "changed": false,
    "ping": "pong"
}
ubuntu@ip-172-31-31-132:~/.ssh$ ls
authorized_keys  id_rsa  id_rsa.pub  known_hosts
ubuntu@ip-172-31-31-132:~/.ssh$ cd..
cd..: command not found
ubuntu@ip-172-31-31-132:~/.ssh$ cd
ubuntu@ip-172-31-31-132:~$ mkdir playbook
ubuntu@ip-172-31-31-132:~$ cd playbook
ubuntu@ip-172-31-31-132:~/playbook$ touch
touch: missing file operand
Try 'touch --help' for more information.
ubuntu@ip-172-31-31-132:~/playbook$ sudo touch
touch: missing file operand
Try 'touch --help' for more information.
ubuntu@ip-172-31-31-132:~/playbook$ sudo nano playbook1.yml
ubuntu@ip-172-31-31-132:~/playbook$ ls
playbook1.yml
ubuntu@ip-172-31-31-132:~/playbook$ anisible-playbook playbook1.yml

Command 'anisible-playbook' not found, did you mean:

  command 'ansible-playbook' from deb ansible

Try: sudo apt install <deb name>

ubuntu@ip-172-31-31-132:~/playbook$ sudo anisible-playbook playbook1.yml
sudo: anisible-playbook: command not found
ubuntu@ip-172-31-31-132:~/playbook$ anisible-playbook playbook1.yml

Command 'anisible-playbook' not found, did you mean:

  command 'ansible-playbook' from deb ansible

Try: sudo apt install <deb name>

ubuntu@ip-172-31-31-132:~/playbook$ cat playbook1.yml
---
- hosts: all
  tasks:
  - name: Ansible create file
    file:
     path: "/home/ubuntu/playbook/test.txt"
     state: touch
ubuntu@ip-172-31-31-132:~/playbook$ anisible-playbook playbook1.yml

Command 'anisible-playbook' not found, did you mean:

  command 'ansible-playbook' from deb ansible

Try: sudo apt install <deb name>

ubuntu@ip-172-31-31-132:~/playbook$ sudo apt install ansible-playbook
Reading package lists... Done
Building dependency tree
Reading state information... Done
E: Unable to locate package ansible-playbook
ubuntu@ip-172-31-31-132:~/playbook$ anisible-playbook playbook1.yml

Command 'anisible-playbook' not found, did you mean:

  command 'ansible-playbook' from deb ansible

Try: sudo apt install <deb name>

ubuntu@ip-172-31-31-132:~/playbook$ nano playbook1.yml
Use "fg" to return to nano.

[2]+  Stopped                 nano playbook1.yml
ubuntu@ip-172-31-31-132:~/playbook$ sudo nano playbook1.yml
ubuntu@ip-172-31-31-132:~/playbook$ sudo nano demo1.yml
ubuntu@ip-172-31-31-132:~/playbook$ anisible-playbook demo1.yml

Command 'anisible-playbook' not found, did you mean:

  command 'ansible-playbook' from deb ansible

Try: sudo apt install <deb name>

ubuntu@ip-172-31-31-132:~/playbook$ ansible-playbook demo1.yml
ERROR! 'host' is not a valid attribute for a Play

The error appears to have been in '/home/ubuntu/playbook/demo1.yml': line 2, column 3, but may
be elsewhere in the file depending on the exact syntax problem.

The offending line appears to be:

---
- host: all
  ^ here

ubuntu@ip-172-31-31-132:~/playbook$ sudo nano demo1.yml
ubuntu@ip-172-31-31-132:~/playbook$ ansible-playbook demo1.yml
ERROR! Syntax Error while loading YAML.
  did not find expected '-' indicator

The error appears to have been in '/home/ubuntu/playbook/demo1.yml': line 3, column 3, but may
be elsewhere in the file depending on the exact syntax problem.

The offending line appears to be:

 - host: all
  task:
  ^ here

ubuntu@ip-172-31-31-132:~/playbook$ sudo nano demo1.yml
Use "fg" to return to nano.

[3]+  Stopped                 sudo nano demo1.yml
ubuntu@ip-172-31-31-132:~/playbook$ sudo nano demo1.yml
ubuntu@ip-172-31-31-132:~/playbook$ ansible-playbook demo1.yml
ERROR! 'host' is not a valid attribute for a Play

The error appears to have been in '/home/ubuntu/playbook/demo1.yml': line 2, column 4, but may
be elsewhere in the file depending on the exact syntax problem.

The offending line appears to be:

---
 - host: all
   ^ here

ubuntu@ip-172-31-31-132:~/playbook$ ansible-playbook playbook1.yml

PLAY [all] **********************************************************************************************************************************************************************************

TASK [Gathering Facts] **********************************************************************************************************************************************************************
ok: [172.31.31.132]

TASK [Ansible create file] ******************************************************************************************************************************************************************
changed: [172.31.31.132]

PLAY RECAP **********************************************************************************************************************************************************************************
172.31.31.132              : ok=2    changed=1    unreachable=0    failed=0

ubuntu@ip-172-31-31-132:~/playbook$ ansible-playbook demo1.yml
ERROR! 'host' is not a valid attribute for a Play

The error appears to have been in '/home/ubuntu/playbook/demo1.yml': line 2, column 4, but may
be elsewhere in the file depending on the exact syntax problem.

The offending line appears to be:

---
 - host: all
   ^ here

ubuntu@ip-172-31-31-132:~/playbook$ sudo nano demo1.yml
ubuntu@ip-172-31-31-132:~/playbook$ ansible-playbook demo1.yml
ERROR! 'task' is not a valid attribute for a Play

The error appears to have been in '/home/ubuntu/playbook/demo1.yml': line 2, column 4, but may
be elsewhere in the file depending on the exact syntax problem.

The offending line appears to be:

---
 - hosts: all
   ^ here

ubuntu@ip-172-31-31-132:~/playbook$ sudo nano demo1.yml
ubuntu@ip-172-31-31-132:~/playbook$ sudo nano demo1.yml
ubuntu@ip-172-31-31-132:~/playbook$ ansible-playbook demo1.yml
ERROR! Syntax Error while loading YAML.
  mapping values are not allowed in this context

The error appears to have been in '/home/ubuntu/playbook/demo1.yml': line 3, column 8, but may
be elsewhere in the file depending on the exact syntax problem.

The offending line appears to be:

- hosts: all
   task:
       ^ here

ubuntu@ip-172-31-31-132:~/playbook$ sudo nano demo1.yml
ubuntu@ip-172-31-31-132:~/playbook$ ansible-playbook demo1.yml
ERROR! Syntax Error while loading YAML.
  mapping values are not allowed in this context

The error appears to have been in '/home/ubuntu/playbook/demo1.yml': line 3, column 8, but may
be elsewhere in the file depending on the exact syntax problem.

The offending line appears to be:

- hosts: all
   task:
       ^ here

ubuntu@ip-172-31-31-132:~/playbook$ sudo nano demo1.yml
Use "fg" to return to nano.

[4]+  Stopped                 sudo nano demo1.yml
ubuntu@ip-172-31-31-132:~/playbook$ sudo nano demo1.yml
ubuntu@ip-172-31-31-132:~/playbook$ ansible-playbook demo1.yml
ERROR! 'task' is not a valid attribute for a Play

The error appears to have been in '/home/ubuntu/playbook/demo1.yml': line 2, column 3, but may
be elsewhere in the file depending on the exact syntax problem.

The offending line appears to be:

---
- hosts: all
  ^ here

ubuntu@ip-172-31-31-132:~/playbook$ sudo nano demo1.yml
ubuntu@ip-172-31-31-132:~/playbook$ ansible-playbook demo1.yml
ERROR! Syntax Error while loading YAML.
  mapping values are not allowed in this context

The error appears to have been in '/home/ubuntu/playbook/demo1.yml': line 3, column 8, but may
be elsewhere in the file depending on the exact syntax problem.

The offending line appears to be:

- hosts: all
   task:
       ^ here

ubuntu@ip-172-31-31-132:~/playbook$ sudo nano demo1.yml
ubuntu@ip-172-31-31-132:~/playbook$ ansible-playbook demo1.yml
ERROR! Syntax Error while loading YAML.
  mapping values are not allowed in this context

The error appears to have been in '/home/ubuntu/playbook/demo1.yml': line 3, column 8, but may
be elsewhere in the file depending on the exact syntax problem.

The offending line appears to be:

- hosts: all
   task:
       ^ here

ubuntu@ip-172-31-31-132:~/playbook$ ansible-playbook demo1.yml
ERROR! Syntax Error while loading YAML.
  mapping values are not allowed in this context

The error appears to have been in '/home/ubuntu/playbook/demo1.yml': line 3, column 8, but may
be elsewhere in the file depending on the exact syntax problem.

The offending line appears to be:

- hosts: all
   task:
       ^ here

ubuntu@ip-172-31-31-132:~/playbook$ cat playbook1.yml
---
- hosts: all
  tasks:
  - name: Ansible create file
    file:
     path: "/home/ubuntu/playbook/test.txt"
     state: touch
ubuntu@ip-172-31-31-132:~/playbook$ sudo nano demo1.yml
ubuntu@ip-172-31-31-132:~/playbook$ ansible-playbook demo1.yml
ERROR! Syntax Error while loading YAML.
  mapping values are not allowed in this context

The error appears to have been in '/home/ubuntu/playbook/demo1.yml': line 5, column 10, but may
be elsewhere in the file depending on the exact syntax problem.

The offending line appears to be:

  - name: Ansible
     file:
         ^ here

ubuntu@ip-172-31-31-132:~/playbook$ sudo nano demo1.yml
ubuntu@ip-172-31-31-132:~/playbook$ ansible-playbook demo1.yml
ERROR! 'task' is not a valid attribute for a Play

The error appears to have been in '/home/ubuntu/playbook/demo1.yml': line 2, column 3, but may
be elsewhere in the file depending on the exact syntax problem.

The offending line appears to be:

---
- hosts: all
  ^ here

ubuntu@ip-172-31-31-132:~/playbook$ sudo nano demo1.yml
ubuntu@ip-172-31-31-132:~/playbook$ sudo nano demo1.yml
Use "fg" to return to nano.

[5]+  Stopped                 sudo nano demo1.yml
ubuntu@ip-172-31-31-132:~/playbook$ sudo nano demo1.yml
ubuntu@ip-172-31-31-132:~/playbook$ sudo nano demo1.yml
ubuntu@ip-172-31-31-132:~/playbook$ ansible-playbook demo1.yml
ERROR! 'task' is not a valid attribute for a Play

The error appears to have been in '/home/ubuntu/playbook/demo1.yml': line 2, column 3, but may
be elsewhere in the file depending on the exact syntax problem.

The offending line appears to be:

---
- hosts: all
  ^ here

ubuntu@ip-172-31-31-132:~/playbook$ sudo nano demo1.yml
ubuntu@ip-172-31-31-132:~/playbook$ ansible-playbook demo1.yml

PLAY [all] **********************************************************************************************************************************************************************************

TASK [Gathering Facts] **********************************************************************************************************************************************************************
ok: [172.31.31.132]

TASK [Ansible] ******************************************************************************************************************************************************************************
changed: [172.31.31.132]

PLAY RECAP **********************************************************************************************************************************************************************************
172.31.31.132              : ok=2    changed=1    unreachable=0    failed=0

ubuntu@ip-172-31-31-132:~/playbook$ ls
demo1.yml  playbook1.yml  test.txt
ubuntu@ip-172-31-31-132:~/playbook$
